---
source: crates/vigia/tests/follow.rs
expression: terminal.backend()
---
" fixture · current · 3 changed                        +3    -3  "
"                                                                "
" M README.md             ■■■■■■■■■■■■ ____________    +1    -1  "
" M src/first.rs          ■■■■■■■■■■■■ ____________    +1    -1  "
"▸M src/second.rs         ■■■■■■■■■■■■ ____________    +1    -1  "
"────────────────────────────────────────────────────────────────"
" M src/second.rs         ■■■■■■■■■■■■ ____________    +1    -1 ▲"
" @@ -1 +1 @@                                                   │"
" 1 - fn second() {}                                            █"
" 1 + fn second() { let b = 2; }                                ▼"
"────────────────────────────────────────────────────────────────"
" q quit · f follow · ? keys                       follow ▶  3/3 "
