---
source: crates/vigia/tests/render.rs
assertion_line: 7611
expression: "screen(80, 12, &both_runs(), &Chrome { staged: Some(2), ..chrome() })"
---
"  vigia · 4 changed · 2 staged                                        watching  "
"                                                                                "
"  ──  unstaged  2 ────────────────────────────────────────────────────────────  "
"▸ M src/render.rs                        ■■■■■■■■■■■■ ____________    +4    -1  "
"  M src/frame.rs                         ■■■■■■■■■■■■ ____________   +11    -3  "
"  ──  staged  2 ──────────────────────────────────────────────────────────────  "
"  M src/render.rs                        ■■■■■■■■■■■■ ____________   +42    -7  "
"────────────────────────────────────────────────────────────────────────────────"
"  M src/render.rs                        ■■■■■■■■■■■■ ____________    +4    -1  "
"  M tests/staged.rs                      ■■■■■■■■■■■■ ____________   +64    -0  "
"────────────────────────────────────────────────────────────────────────────────"
"  q quit · f follow · ? keys                                               1/4  "
