---
source: crates/vigia/tests/render.rs
expression: "screen(60, 8, &view, &chrome())"
---
"vigia · 3 changed                                   watching"
"M assets/banner.jpg                                         "
"  binary                                                    "
"U src/merge.rs                                              "
"  unresolved conflict                                       "
"R …tes/vigia/src/main.rs                            +0    -0"
"                                                            "
"q quit · f follow · jk scroll · JK files                 1/3"
