---
source: crates/vigia/tests/render.rs
expression: "screen(80, 5, &glancing(), &chrome())"
---
"vigia · 3 changed                                                       watching"
"M src/engine/watch.rs                      ● ████████████   ▁▂▆▄▆█   +42    -7  "
"M src/render/frame.rs                        ████████████    ▂▁      +11    -3  "
"M Cargo.toml                                                          +2    -0  "
"q quit · f follow · jk scroll · JK files                                     1/3"
