---
source: crates/vigia/tests/render.rs
expression: backend
---
"vigia · 1 changed                                   watching"
"M Makefile                            ________    +1    -0  "
"1 +    cargo build a   b                                    "
"2  bell·esc·[31mnul·                                        "
"q quit · f follow · jk scroll · JK files                 1/1"
