---
source: crates/vigia/tests/render.rs
expression: "screen(60, 8, &view, &chrome())"
---
" vigia · current · 3 changed                       watching "
" M …s/banner.jpg                  ____________              "
"   binary                                                   "
" U src/merge.rs                   ____________              "
"   unresolved conflict                                      "
" R …src/shell.rs                  ____________    +0    -0  "
"────────────────────────────────────────────────────────────"
" q quit · f follow · ? keys                             1/3 "
