---
source: crates/vigia/tests/render.rs
expression: "screen(40, 6, &nothing_changed(), &empty_chrome())"
---
"vigia · main                    watching"
"no unstaged changes                     "
"                                        "
"                                        "
"                                        "
"q quit · f follow · jk scroll · ? keys  "
