---
source: crates/vigia/tests/render.rs
expression: "screen(80, 14, &view, &chrome())"
---
"vigia · 1 changed                                                       watching"
"M …es/vigia-core/src/frame.rs                                         +3    -1  "
"@@ -258,7 +258,9 @@                                                             "
"258      pub fn advance(&mut self) {                                            "
"259          let mut files = Vec::new();                                        "
"260 -        for change in self.changes() {                                     "
"260 +        for change in self.walk() {                                        "
"261 +            // one per path                                                "
"262 +            files.push(change?);                                           "
"263          }                                                                  "
"264      }                                                                      "
"                                                                                "
"                                                                                "
"q quit · f follow · jk scroll · JK files                                     1/1"
