---
source: crates/vigia/tests/render.rs
expression: "screen(120, 6, &nothing_changed(), &empty_chrome())"
---
"vigia                                                                                                           watching"
"no unstaged changes · main                                                                                              "
"                                                                                                                        "
"                                                                                                                        "
"                                                                                                                        "
"q quit · f follow · jk scroll                                                                                           "
