---
source: crates/vigia/tests/render.rs
expression: "screen(40, 6, &view, &following_chrome())"
---
"vigia                  watching · 1 file"
"M crates/vigia-core/src/frame.rs   +3 -1"
"@@ -258,7 +258,9 @@                     "
"258      pub fn advance(&mut self) {    "
"                           follow ▶  1/1"
"q quit · f follow · jk scroll · JK files"
